
 Время работы SQL Server:
   Время ЦП = 0 мс, затраченное время = 0 мс.
Время синтаксического анализа и компиляции SQL Server: 
 время ЦП = 8 мс, истекшее время = 8 мс.

 Время работы SQL Server:
   Время ЦП = 0 мс, затраченное время = 0 мс.

 Время работы SQL Server:
   Время ЦП = 0 мс, затраченное время = 0 мс.

(строк обработано: 15)
Таблица "Worktable". Число просмотров 0, логических чтений 0, физических чтений 0, упреждающих чтений 0, lob логических чтений 0, lob физических чтений 0, lob упреждающих чтений 0.
Таблица "Workfile". Число просмотров 0, логических чтений 0, физических чтений 0, упреждающих чтений 0, lob логических чтений 0, lob физических чтений 0, lob упреждающих чтений 0.
Таблица "Customers". Число просмотров 1, логических чтений 37, физических чтений 0, упреждающих чтений 0, lob логических чтений 0, lob физических чтений 0, lob упреждающих чтений 0.
Таблица "Products". Число просмотров 1, логических чтений 13, физических чтений 0, упреждающих чтений 0, lob логических чтений 0, lob физических чтений 0, lob упреждающих чтений 0.
Таблица "Orders". Число просмотров 1, логических чтений 21, физических чтений 0, упреждающих чтений 0, lob логических чтений 0, lob физических чтений 0, lob упреждающих чтений 0.
Таблица "OrderDetails". Число просмотров 1, логических чтений 10, физических чтений 0, упреждающих чтений 0, lob логических чтений 0, lob физических чтений 0, lob упреждающих чтений 0.

(строк обработано: 1)

 Время работы SQL Server:
   Время ЦП = 16 мс, затраченное время = 89 мс.

 Время работы SQL Server:
   Время ЦП = 0 мс, затраченное время = 0 мс.
