
 Время работы SQL Server:
   Время ЦП = 0 мс, затраченное время = 0 мс.
Время синтаксического анализа и компиляции SQL Server: 
 время ЦП = 0 мс, истекшее время = 3 мс.

 Время работы SQL Server:
   Время ЦП = 0 мс, затраченное время = 0 мс.

 Время работы SQL Server:
   Время ЦП = 0 мс, затраченное время = 0 мс.
Таблица "Customers". Число просмотров 1, логических чтений 37, физических чтений 0, упреждающих чтений 0, lob логических чтений 0, lob физических чтений 0, lob упреждающих чтений 0.

 Время работы SQL Server:
   Время ЦП = 0 мс, затраченное время = 27 мс.
Таблица "Orders". Число просмотров 1, логических чтений 21, физических чтений 0, упреждающих чтений 0, lob логических чтений 0, lob физических чтений 0, lob упреждающих чтений 0.

 Время работы SQL Server:
   Время ЦП = 0 мс, затраченное время = 236 мс.
Время синтаксического анализа и компиляции SQL Server: 
 время ЦП = 0 мс, истекшее время = 5 мс.

(строк обработано: 696)
Таблица "Workfile". Число просмотров 0, логических чтений 0, физических чтений 0, упреждающих чтений 0, lob логических чтений 0, lob физических чтений 0, lob упреждающих чтений 0.
Таблица "Worktable". Число просмотров 0, логических чтений 0, физических чтений 0, упреждающих чтений 0, lob логических чтений 0, lob физических чтений 0, lob упреждающих чтений 0.
Таблица "Orders". Число просмотров 1, логических чтений 17, физических чтений 0, упреждающих чтений 0, lob логических чтений 0, lob физических чтений 0, lob упреждающих чтений 0.
Таблица "Customers". Число просмотров 2, логических чтений 11, физических чтений 0, упреждающих чтений 0, lob логических чтений 0, lob физических чтений 0, lob упреждающих чтений 0.

(строк обработано: 1)

 Время работы SQL Server:
   Время ЦП = 0 мс, затраченное время = 227 мс.

 Время работы SQL Server:
   Время ЦП = 0 мс, затраченное время = 3 мс.

 Время работы SQL Server:
   Время ЦП = 0 мс, затраченное время = 2 мс.

 Время работы SQL Server:
   Время ЦП = 0 мс, затраченное время = 0 мс.
